MPLINK 4.49, Linker
Linker Map File - Created Wed Oct 28 17:48:36 2020

                                 Section Info
                  Section       Type    Address   Location Size(Bytes)
                ---------  ---------  ---------  ---------  ---------
                   .org_0       code   0x000000    program   0x000000
                   .org_1       code   0x000000    program   0x000004
                   .org_2       code   0x000008    program   0x000002
                   .org_3       code   0x000018    program   0x000108



                              Program Memory Usage 
                               Start         End      
                           ---------   ---------      
                            0x000000    0x000003      
                            0x000008    0x000009      
                            0x000018    0x00011f      
            270 out of 33048 program addresses used, program memory utilization is 0%



                              Symbols - Sorted by Name
                     Name    Address   Location    Storage File                     
                ---------  ---------  ---------  --------- ---------                
                   again1   0x000070    program     static D:\Microcontroller Lab\Assignment 2\quiz6.asm
                   again2   0x000074    program     static D:\Microcontroller Lab\Assignment 2\quiz6.asm
                delay33ms   0x00006c    program     static D:\Microcontroller Lab\Assignment 2\quiz6.asm
                   offLED   0x000068    program     static D:\Microcontroller Lab\Assignment 2\quiz6.asm
                    show3   0x00005c    program     static D:\Microcontroller Lab\Assignment 2\quiz6.asm
                    show5   0x000050    program     static D:\Microcontroller Lab\Assignment 2\quiz6.asm
                    show6   0x000042    program     static D:\Microcontroller Lab\Assignment 2\quiz6.asm
                    show9   0x000034    program     static D:\Microcontroller Lab\Assignment 2\quiz6.asm
                    showD   0x00001a    program     static D:\Microcontroller Lab\Assignment 2\quiz6.asm
                    showE   0x000028    program     static D:\Microcontroller Lab\Assignment 2\quiz6.asm
                    start   0x0000ac    program     static D:\Microcontroller Lab\Assignment 2\quiz6.asm



                              Symbols - Sorted by Address
                     Name    Address   Location    Storage File                     
                ---------  ---------  ---------  --------- ---------                
                    showD   0x00001a    program     static D:\Microcontroller Lab\Assignment 2\quiz6.asm
                    showE   0x000028    program     static D:\Microcontroller Lab\Assignment 2\quiz6.asm
                    show9   0x000034    program     static D:\Microcontroller Lab\Assignment 2\quiz6.asm
                    show6   0x000042    program     static D:\Microcontroller Lab\Assignment 2\quiz6.asm
                    show5   0x000050    program     static D:\Microcontroller Lab\Assignment 2\quiz6.asm
                    show3   0x00005c    program     static D:\Microcontroller Lab\Assignment 2\quiz6.asm
                   offLED   0x000068    program     static D:\Microcontroller Lab\Assignment 2\quiz6.asm
                delay33ms   0x00006c    program     static D:\Microcontroller Lab\Assignment 2\quiz6.asm
                   again1   0x000070    program     static D:\Microcontroller Lab\Assignment 2\quiz6.asm
                   again2   0x000074    program     static D:\Microcontroller Lab\Assignment 2\quiz6.asm
                    start   0x0000ac    program     static D:\Microcontroller Lab\Assignment 2\quiz6.asm


